<?xml version="1.0" encoding="utf-8"?><testsuites><testsuite name="pytest" errors="0" failures="0" skipped="0" tests="5" time="0.720" timestamp="2022-03-15T10:01:41.388102" hostname="DESKTOP-V8EADQA"><testcase classname="" name="test_create_database" time="0.236" /><testcase classname="" name="test_clients" time="0.001" /><testcase classname="" name="test_orders" time="0.001" /><testcase classname="" name="test_sum_clients" time="0.189" /><testcase classname="" name="test_sum_orders" time="0.223" /></testsuite></testsuites>